Component: ARM Compiler 5.06 update 6 (build 750) Tool: armlink [4d35ed]

==============================================================================

Section Cross References

    startup_stm32f103xb.o(RESET) refers to startup_stm32f103xb.o(STACK) for __initial_sp
    startup_stm32f103xb.o(RESET) refers to startup_stm32f103xb.o(.text) for Reset_Handler
    startup_stm32f103xb.o(RESET) refers to stm32f1xx_it.o(i.NMI_Handler) for NMI_Handler
    startup_stm32f103xb.o(RESET) refers to stm32f1xx_it.o(i.HardFault_Handler) for HardFault_Handler
    startup_stm32f103xb.o(RESET) refers to stm32f1xx_it.o(i.MemManage_Handler) for MemManage_Handler
    startup_stm32f103xb.o(RESET) refers to stm32f1xx_it.o(i.BusFault_Handler) for BusFault_Handler
    startup_stm32f103xb.o(RESET) refers to stm32f1xx_it.o(i.UsageFault_Handler) for UsageFault_Handler
    startup_stm32f103xb.o(RESET) refers to stm32f1xx_it.o(i.SVC_Handler) for SVC_Handler
    startup_stm32f103xb.o(RESET) refers to stm32f1xx_it.o(i.DebugMon_Handler) for DebugMon_Handler
    startup_stm32f103xb.o(RESET) refers to stm32f1xx_it.o(i.PendSV_Handler) for PendSV_Handler
    startup_stm32f103xb.o(RESET) refers to stm32f1xx_it.o(i.SysTick_Handler) for SysTick_Handler
    startup_stm32f103xb.o(RESET) refers to stm32f1xx_it.o(i.USART1_IRQHandler) for USART1_IRQHandler
    startup_stm32f103xb.o(.text) refers to system_stm32f1xx.o(i.SystemInit) for SystemInit
    startup_stm32f103xb.o(.text) refers to entry.o(.ARM.Collect$$$$00000000) for __main
    main.o(i.MX_GPIO_Init) refers to stm32f1xx_hal_gpio.o(i.HAL_GPIO_WritePin) for HAL_GPIO_WritePin
    main.o(i.MX_GPIO_Init) refers to stm32f1xx_hal_gpio.o(i.HAL_GPIO_Init) for HAL_GPIO_Init
    main.o(i.SystemClock_Config) refers to stm32f1xx_hal_rcc.o(i.HAL_RCC_OscConfig) for HAL_RCC_OscConfig
    main.o(i.SystemClock_Config) refers to stm32f1xx_hal_rcc.o(i.HAL_RCC_ClockConfig) for HAL_RCC_ClockConfig
    main.o(i.SystemClock_Config) refers to stm32f1xx_hal_rcc.o(i.HAL_RCC_GetHCLKFreq) for HAL_RCC_GetHCLKFreq
    main.o(i.SystemClock_Config) refers to stm32f1xx_hal_cortex.o(i.HAL_SYSTICK_Config) for HAL_SYSTICK_Config
    main.o(i.SystemClock_Config) refers to stm32f1xx_hal_cortex.o(i.HAL_SYSTICK_CLKSourceConfig) for HAL_SYSTICK_CLKSourceConfig
    main.o(i.SystemClock_Config) refers to stm32f1xx_hal_cortex.o(i.HAL_NVIC_SetPriority) for HAL_NVIC_SetPriority
    main.o(i.main) refers to stm32f1xx_hal.o(i.HAL_Init) for HAL_Init
    main.o(i.main) refers to main.o(i.SystemClock_Config) for SystemClock_Config
    main.o(i.main) refers to main.o(i.MX_GPIO_Init) for MX_GPIO_Init
    main.o(i.main) refers to stm32f1xx_hal_uart.o(i.HAL_UART_Init) for HAL_UART_Init
    main.o(i.main) refers to main.o(.bss) for .bss
    main.o(i.main) refers to main.o(.data) for .data
    stm32f1xx_it.o(i.SysTick_Handler) refers to stm32f1xx_hal.o(i.HAL_IncTick) for HAL_IncTick
    stm32f1xx_it.o(i.SysTick_Handler) refers to stm32f1xx_hal_cortex.o(i.HAL_SYSTICK_IRQHandler) for HAL_SYSTICK_IRQHandler
    stm32f1xx_it.o(i.USART1_IRQHandler) refers to stm32f1xx_hal_uart.o(i.HAL_UART_IRQHandler) for HAL_UART_IRQHandler
    stm32f1xx_it.o(i.USART1_IRQHandler) refers to main.o(.bss) for huart1
    stm32f1xx_hal_msp.o(i.HAL_MspInit) refers to stm32f1xx_hal_cortex.o(i.HAL_NVIC_SetPriorityGrouping) for HAL_NVIC_SetPriorityGrouping
    stm32f1xx_hal_msp.o(i.HAL_MspInit) refers to stm32f1xx_hal_cortex.o(i.HAL_NVIC_SetPriority) for HAL_NVIC_SetPriority
    stm32f1xx_hal_msp.o(i.HAL_UART_MspDeInit) refers to stm32f1xx_hal_gpio.o(i.HAL_GPIO_DeInit) for HAL_GPIO_DeInit
    stm32f1xx_hal_msp.o(i.HAL_UART_MspDeInit) refers to stm32f1xx_hal_cortex.o(i.HAL_NVIC_DisableIRQ) for HAL_NVIC_DisableIRQ
    stm32f1xx_hal_msp.o(i.HAL_UART_MspInit) refers to stm32f1xx_hal_gpio.o(i.HAL_GPIO_Init) for HAL_GPIO_Init
    stm32f1xx_hal_msp.o(i.HAL_UART_MspInit) refers to stm32f1xx_hal_cortex.o(i.HAL_NVIC_SetPriority) for HAL_NVIC_SetPriority
    stm32f1xx_hal_msp.o(i.HAL_UART_MspInit) refers to stm32f1xx_hal_cortex.o(i.HAL_NVIC_EnableIRQ) for HAL_NVIC_EnableIRQ
    stm32f1xx_hal_uart.o(i.HAL_HalfDuplex_Init) refers to stm32f1xx_hal_msp.o(i.HAL_UART_MspInit) for HAL_UART_MspInit
    stm32f1xx_hal_uart.o(i.HAL_HalfDuplex_Init) refers to stm32f1xx_hal_uart.o(i.UART_SetConfig) for UART_SetConfig
    stm32f1xx_hal_uart.o(i.HAL_LIN_Init) refers to stm32f1xx_hal_msp.o(i.HAL_UART_MspInit) for HAL_UART_MspInit
    stm32f1xx_hal_uart.o(i.HAL_LIN_Init) refers to stm32f1xx_hal_uart.o(i.UART_SetConfig) for UART_SetConfig
    stm32f1xx_hal_uart.o(i.HAL_MultiProcessor_Init) refers to stm32f1xx_hal_msp.o(i.HAL_UART_MspInit) for HAL_UART_MspInit
    stm32f1xx_hal_uart.o(i.HAL_MultiProcessor_Init) refers to stm32f1xx_hal_uart.o(i.UART_SetConfig) for UART_SetConfig
    stm32f1xx_hal_uart.o(i.HAL_UART_Abort) refers to stm32f1xx_hal_dma.o(i.HAL_DMA_Abort) for HAL_DMA_Abort
    stm32f1xx_hal_uart.o(i.HAL_UART_AbortReceive) refers to stm32f1xx_hal_dma.o(i.HAL_DMA_Abort) for HAL_DMA_Abort
    stm32f1xx_hal_uart.o(i.HAL_UART_AbortReceive_IT) refers to stm32f1xx_hal_dma.o(i.HAL_DMA_Abort_IT) for HAL_DMA_Abort_IT
    stm32f1xx_hal_uart.o(i.HAL_UART_AbortReceive_IT) refers to stm32f1xx_hal_uart.o(i.HAL_UART_AbortReceiveCpltCallback) for HAL_UART_AbortReceiveCpltCallback
    stm32f1xx_hal_uart.o(i.HAL_UART_AbortReceive_IT) refers to stm32f1xx_hal_uart.o(i.UART_DMARxOnlyAbortCallback) for UART_DMARxOnlyAbortCallback
    stm32f1xx_hal_uart.o(i.HAL_UART_AbortTransmit) refers to stm32f1xx_hal_dma.o(i.HAL_DMA_Abort) for HAL_DMA_Abort
    stm32f1xx_hal_uart.o(i.HAL_UART_AbortTransmit_IT) refers to stm32f1xx_hal_dma.o(i.HAL_DMA_Abort_IT) for HAL_DMA_Abort_IT
    stm32f1xx_hal_uart.o(i.HAL_UART_AbortTransmit_IT) refers to stm32f1xx_hal_uart.o(i.HAL_UART_AbortTransmitCpltCallback) for HAL_UART_AbortTransmitCpltCallback
    stm32f1xx_hal_uart.o(i.HAL_UART_AbortTransmit_IT) refers to stm32f1xx_hal_uart.o(i.UART_DMATxOnlyAbortCallback) for UART_DMATxOnlyAbortCallback
    stm32f1xx_hal_uart.o(i.HAL_UART_Abort_IT) refers to stm32f1xx_hal_dma.o(i.HAL_DMA_Abort_IT) for HAL_DMA_Abort_IT
    stm32f1xx_hal_uart.o(i.HAL_UART_Abort_IT) refers to stm32f1xx_hal_uart.o(i.HAL_UART_AbortCpltCallback) for HAL_UART_AbortCpltCallback
    stm32f1xx_hal_uart.o(i.HAL_UART_Abort_IT) refers to stm32f1xx_hal_uart.o(i.UART_DMATxAbortCallback) for UART_DMATxAbortCallback
    stm32f1xx_hal_uart.o(i.HAL_UART_Abort_IT) refers to stm32f1xx_hal_uart.o(i.UART_DMARxAbortCallback) for UART_DMARxAbortCallback
    stm32f1xx_hal_uart.o(i.HAL_UART_DMAStop) refers to stm32f1xx_hal_dma.o(i.HAL_DMA_Abort) for HAL_DMA_Abort
    stm32f1xx_hal_uart.o(i.HAL_UART_DMAStop) refers to stm32f1xx_hal_uart.o(i.UART_EndTxTransfer) for UART_EndTxTransfer
    stm32f1xx_hal_uart.o(i.HAL_UART_DMAStop) refers to stm32f1xx_hal_uart.o(i.UART_EndRxTransfer) for UART_EndRxTransfer
    stm32f1xx_hal_uart.o(i.HAL_UART_DeInit) refers to stm32f1xx_hal_msp.o(i.HAL_UART_MspDeInit) for HAL_UART_MspDeInit
    stm32f1xx_hal_uart.o(i.HAL_UART_IRQHandler) refers to stm32f1xx_hal_uart.o(i.UART_Receive_IT) for UART_Receive_IT
    stm32f1xx_hal_uart.o(i.HAL_UART_IRQHandler) refers to stm32f1xx_hal_uart.o(i.UART_EndRxTransfer) for UART_EndRxTransfer
    stm32f1xx_hal_uart.o(i.HAL_UART_IRQHandler) refers to stm32f1xx_hal_dma.o(i.HAL_DMA_Abort_IT) for HAL_DMA_Abort_IT
    stm32f1xx_hal_uart.o(i.HAL_UART_IRQHandler) refers to stm32f1xx_hal_uart.o(i.HAL_UART_ErrorCallback) for HAL_UART_ErrorCallback
    stm32f1xx_hal_uart.o(i.HAL_UART_IRQHandler) refers to stm32f1xx_hal_uart.o(i.UART_Transmit_IT) for UART_Transmit_IT
    stm32f1xx_hal_uart.o(i.HAL_UART_IRQHandler) refers to stm32f1xx_hal_uart.o(i.HAL_UART_TxCpltCallback) for HAL_UART_TxCpltCallback
    stm32f1xx_hal_uart.o(i.HAL_UART_IRQHandler) refers to stm32f1xx_hal_uart.o(i.UART_DMAAbortOnError) for UART_DMAAbortOnError
    stm32f1xx_hal_uart.o(i.HAL_UART_Init) refers to stm32f1xx_hal_msp.o(i.HAL_UART_MspInit) for HAL_UART_MspInit
    stm32f1xx_hal_uart.o(i.HAL_UART_Init) refers to stm32f1xx_hal_uart.o(i.UART_SetConfig) for UART_SetConfig
    stm32f1xx_hal_uart.o(i.HAL_UART_Receive) refers to stm32f1xx_hal.o(i.HAL_GetTick) for HAL_GetTick
    stm32f1xx_hal_uart.o(i.HAL_UART_Receive) refers to stm32f1xx_hal_uart.o(i.UART_WaitOnFlagUntilTimeout) for UART_WaitOnFlagUntilTimeout
    stm32f1xx_hal_uart.o(i.HAL_UART_Receive_DMA) refers to stm32f1xx_hal_dma.o(i.HAL_DMA_Start_IT) for HAL_DMA_Start_IT
    stm32f1xx_hal_uart.o(i.HAL_UART_Receive_DMA) refers to stm32f1xx_hal_uart.o(i.UART_DMAReceiveCplt) for UART_DMAReceiveCplt
    stm32f1xx_hal_uart.o(i.HAL_UART_Receive_DMA) refers to stm32f1xx_hal_uart.o(i.UART_DMARxHalfCplt) for UART_DMARxHalfCplt
    stm32f1xx_hal_uart.o(i.HAL_UART_Receive_DMA) refers to stm32f1xx_hal_uart.o(i.UART_DMAError) for UART_DMAError
    stm32f1xx_hal_uart.o(i.HAL_UART_Transmit) refers to stm32f1xx_hal.o(i.HAL_GetTick) for HAL_GetTick
    stm32f1xx_hal_uart.o(i.HAL_UART_Transmit) refers to stm32f1xx_hal_uart.o(i.UART_WaitOnFlagUntilTimeout) for UART_WaitOnFlagUntilTimeout
    stm32f1xx_hal_uart.o(i.HAL_UART_Transmit_DMA) refers to stm32f1xx_hal_dma.o(i.HAL_DMA_Start_IT) for HAL_DMA_Start_IT
    stm32f1xx_hal_uart.o(i.HAL_UART_Transmit_DMA) refers to stm32f1xx_hal_uart.o(i.UART_DMATransmitCplt) for UART_DMATransmitCplt
    stm32f1xx_hal_uart.o(i.HAL_UART_Transmit_DMA) refers to stm32f1xx_hal_uart.o(i.UART_DMATxHalfCplt) for UART_DMATxHalfCplt
    stm32f1xx_hal_uart.o(i.HAL_UART_Transmit_DMA) refers to stm32f1xx_hal_uart.o(i.UART_DMAError) for UART_DMAError
    stm32f1xx_hal_uart.o(i.UART_DMAAbortOnError) refers to stm32f1xx_hal_uart.o(i.HAL_UART_ErrorCallback) for HAL_UART_ErrorCallback
    stm32f1xx_hal_uart.o(i.UART_DMAError) refers to stm32f1xx_hal_uart.o(i.UART_EndTxTransfer) for UART_EndTxTransfer
    stm32f1xx_hal_uart.o(i.UART_DMAError) refers to stm32f1xx_hal_uart.o(i.UART_EndRxTransfer) for UART_EndRxTransfer
    stm32f1xx_hal_uart.o(i.UART_DMAError) refers to stm32f1xx_hal_uart.o(i.HAL_UART_ErrorCallback) for HAL_UART_ErrorCallback
    stm32f1xx_hal_uart.o(i.UART_DMAReceiveCplt) refers to stm32f1xx_hal_uart.o(i.HAL_UART_RxCpltCallback) for HAL_UART_RxCpltCallback
    stm32f1xx_hal_uart.o(i.UART_DMARxAbortCallback) refers to stm32f1xx_hal_uart.o(i.HAL_UART_AbortCpltCallback) for HAL_UART_AbortCpltCallback
    stm32f1xx_hal_uart.o(i.UART_DMARxHalfCplt) refers to stm32f1xx_hal_uart.o(i.HAL_UART_RxHalfCpltCallback) for HAL_UART_RxHalfCpltCallback
    stm32f1xx_hal_uart.o(i.UART_DMARxOnlyAbortCallback) refers to stm32f1xx_hal_uart.o(i.HAL_UART_AbortReceiveCpltCallback) for HAL_UART_AbortReceiveCpltCallback
    stm32f1xx_hal_uart.o(i.UART_DMATransmitCplt) refers to stm32f1xx_hal_uart.o(i.HAL_UART_TxCpltCallback) for HAL_UART_TxCpltCallback
    stm32f1xx_hal_uart.o(i.UART_DMATxAbortCallback) refers to stm32f1xx_hal_uart.o(i.HAL_UART_AbortCpltCallback) for HAL_UART_AbortCpltCallback
    stm32f1xx_hal_uart.o(i.UART_DMATxHalfCplt) refers to stm32f1xx_hal_uart.o(i.HAL_UART_TxHalfCpltCallback) for HAL_UART_TxHalfCpltCallback
    stm32f1xx_hal_uart.o(i.UART_DMATxOnlyAbortCallback) refers to stm32f1xx_hal_uart.o(i.HAL_UART_AbortTransmitCpltCallback) for HAL_UART_AbortTransmitCpltCallback
    stm32f1xx_hal_uart.o(i.UART_Receive_IT) refers to stm32f1xx_hal_uart.o(i.HAL_UART_RxCpltCallback) for HAL_UART_RxCpltCallback
    stm32f1xx_hal_uart.o(i.UART_SetConfig) refers to stm32f1xx_hal_rcc.o(i.HAL_RCC_GetPCLK2Freq) for HAL_RCC_GetPCLK2Freq
    stm32f1xx_hal_uart.o(i.UART_SetConfig) refers to stm32f1xx_hal_rcc.o(i.HAL_RCC_GetPCLK1Freq) for HAL_RCC_GetPCLK1Freq
    stm32f1xx_hal_uart.o(i.UART_WaitOnFlagUntilTimeout) refers to stm32f1xx_hal.o(i.HAL_GetTick) for HAL_GetTick
    stm32f1xx_hal.o(i.HAL_DeInit) refers to stm32f1xx_hal.o(i.HAL_MspDeInit) for HAL_MspDeInit
    stm32f1xx_hal.o(i.HAL_Delay) refers to stm32f1xx_hal.o(i.HAL_GetTick) for HAL_GetTick
    stm32f1xx_hal.o(i.HAL_Delay) refers to stm32f1xx_hal.o(.data) for .data
    stm32f1xx_hal.o(i.HAL_GetTick) refers to stm32f1xx_hal.o(.data) for .data
    stm32f1xx_hal.o(i.HAL_GetTickFreq) refers to stm32f1xx_hal.o(.data) for .data
    stm32f1xx_hal.o(i.HAL_GetTickPrio) refers to stm32f1xx_hal.o(.data) for .data
    stm32f1xx_hal.o(i.HAL_IncTick) refers to stm32f1xx_hal.o(.data) for .data
    stm32f1xx_hal.o(i.HAL_Init) refers to stm32f1xx_hal_cortex.o(i.HAL_NVIC_SetPriorityGrouping) for HAL_NVIC_SetPriorityGrouping
    stm32f1xx_hal.o(i.HAL_Init) refers to stm32f1xx_hal.o(i.HAL_InitTick) for HAL_InitTick
    stm32f1xx_hal.o(i.HAL_Init) refers to stm32f1xx_hal_msp.o(i.HAL_MspInit) for HAL_MspInit
    stm32f1xx_hal.o(i.HAL_InitTick) refers to stm32f1xx_hal_cortex.o(i.HAL_SYSTICK_Config) for HAL_SYSTICK_Config
    stm32f1xx_hal.o(i.HAL_InitTick) refers to stm32f1xx_hal_cortex.o(i.HAL_NVIC_SetPriority) for HAL_NVIC_SetPriority
    stm32f1xx_hal.o(i.HAL_InitTick) refers to stm32f1xx_hal.o(.data) for .data
    stm32f1xx_hal.o(i.HAL_InitTick) refers to system_stm32f1xx.o(.data) for SystemCoreClock
    stm32f1xx_hal.o(i.HAL_SetTickFreq) refers to stm32f1xx_hal.o(i.HAL_InitTick) for HAL_InitTick
    stm32f1xx_hal.o(i.HAL_SetTickFreq) refers to stm32f1xx_hal.o(.data) for .data
    stm32f1xx_hal_rcc.o(i.HAL_RCC_ClockConfig) refers to stm32f1xx_hal.o(i.HAL_GetTick) for HAL_GetTick
    stm32f1xx_hal_rcc.o(i.HAL_RCC_ClockConfig) refers to stm32f1xx_hal_rcc.o(i.HAL_RCC_GetSysClockFreq) for HAL_RCC_GetSysClockFreq
    stm32f1xx_hal_rcc.o(i.HAL_RCC_ClockConfig) refers to stm32f1xx_hal.o(i.HAL_InitTick) for HAL_InitTick
    stm32f1xx_hal_rcc.o(i.HAL_RCC_ClockConfig) refers to system_stm32f1xx.o(.constdata) for AHBPrescTable
    stm32f1xx_hal_rcc.o(i.HAL_RCC_ClockConfig) refers to system_stm32f1xx.o(.data) for SystemCoreClock
    stm32f1xx_hal_rcc.o(i.HAL_RCC_DeInit) refers to stm32f1xx_hal.o(i.HAL_GetTick) for HAL_GetTick
    stm32f1xx_hal_rcc.o(i.HAL_RCC_DeInit) refers to stm32f1xx_hal.o(i.HAL_InitTick) for HAL_InitTick
    stm32f1xx_hal_rcc.o(i.HAL_RCC_DeInit) refers to system_stm32f1xx.o(.data) for SystemCoreClock
    stm32f1xx_hal_rcc.o(i.HAL_RCC_GetHCLKFreq) refers to system_stm32f1xx.o(.data) for SystemCoreClock
    stm32f1xx_hal_rcc.o(i.HAL_RCC_GetPCLK1Freq) refers to system_stm32f1xx.o(.data) for SystemCoreClock
    stm32f1xx_hal_rcc.o(i.HAL_RCC_GetPCLK1Freq) refers to system_stm32f1xx.o(.constdata) for APBPrescTable
    stm32f1xx_hal_rcc.o(i.HAL_RCC_GetPCLK2Freq) refers to system_stm32f1xx.o(.data) for SystemCoreClock
    stm32f1xx_hal_rcc.o(i.HAL_RCC_GetPCLK2Freq) refers to system_stm32f1xx.o(.constdata) for APBPrescTable
    stm32f1xx_hal_rcc.o(i.HAL_RCC_MCOConfig) refers to stm32f1xx_hal_gpio.o(i.HAL_GPIO_Init) for HAL_GPIO_Init
    stm32f1xx_hal_rcc.o(i.HAL_RCC_NMI_IRQHandler) refers to stm32f1xx_hal_rcc.o(i.HAL_RCC_CSSCallback) for HAL_RCC_CSSCallback
    stm32f1xx_hal_rcc.o(i.HAL_RCC_OscConfig) refers to stm32f1xx_hal.o(i.HAL_GetTick) for HAL_GetTick
    stm32f1xx_hal_rcc.o(i.HAL_RCC_OscConfig) refers to system_stm32f1xx.o(.data) for SystemCoreClock
    stm32f1xx_hal_rcc_ex.o(i.HAL_RCCEx_GetPeriphCLKFreq) refers to stm32f1xx_hal_rcc.o(i.HAL_RCC_GetPCLK2Freq) for HAL_RCC_GetPCLK2Freq
    stm32f1xx_hal_rcc_ex.o(i.HAL_RCCEx_PeriphCLKConfig) refers to stm32f1xx_hal.o(i.HAL_GetTick) for HAL_GetTick
    stm32f1xx_hal_gpio.o(i.HAL_GPIO_EXTI_IRQHandler) refers to stm32f1xx_hal_gpio.o(i.HAL_GPIO_EXTI_Callback) for HAL_GPIO_EXTI_Callback
    stm32f1xx_hal_dma.o(i.HAL_DMA_PollForTransfer) refers to stm32f1xx_hal.o(i.HAL_GetTick) for HAL_GetTick
    stm32f1xx_hal_dma.o(i.HAL_DMA_Start) refers to stm32f1xx_hal_dma.o(i.DMA_SetConfig) for DMA_SetConfig
    stm32f1xx_hal_dma.o(i.HAL_DMA_Start_IT) refers to stm32f1xx_hal_dma.o(i.DMA_SetConfig) for DMA_SetConfig
    stm32f1xx_hal_cortex.o(i.HAL_NVIC_SetPriority) refers to stm32f1xx_hal_cortex.o(i.NVIC_SetPriority) for NVIC_SetPriority
    stm32f1xx_hal_cortex.o(i.HAL_SYSTICK_Config) refers to stm32f1xx_hal_cortex.o(i.NVIC_SetPriority) for NVIC_SetPriority
    stm32f1xx_hal_cortex.o(i.HAL_SYSTICK_IRQHandler) refers to stm32f1xx_hal_cortex.o(i.HAL_SYSTICK_Callback) for HAL_SYSTICK_Callback
    stm32f1xx_hal_pwr.o(i.HAL_PWR_EnterSTOPMode) refers to stm32f1xx_hal_pwr.o(i.PWR_OverloadWfe) for PWR_OverloadWfe
    stm32f1xx_hal_pwr.o(i.HAL_PWR_PVD_IRQHandler) refers to stm32f1xx_hal_pwr.o(i.HAL_PWR_PVDCallback) for HAL_PWR_PVDCallback
    stm32f1xx_hal_flash.o(i.FLASH_Program_HalfWord) refers to stm32f1xx_hal_flash.o(.bss) for .bss
    stm32f1xx_hal_flash.o(i.FLASH_SetErrorCode) refers to stm32f1xx_hal_flash.o(.bss) for .bss
    stm32f1xx_hal_flash.o(i.FLASH_WaitForLastOperation) refers to stm32f1xx_hal.o(i.HAL_GetTick) for HAL_GetTick
    stm32f1xx_hal_flash.o(i.FLASH_WaitForLastOperation) refers to stm32f1xx_hal_flash.o(i.FLASH_SetErrorCode) for FLASH_SetErrorCode
    stm32f1xx_hal_flash.o(i.HAL_FLASH_GetError) refers to stm32f1xx_hal_flash.o(.bss) for .bss
    stm32f1xx_hal_flash.o(i.HAL_FLASH_IRQHandler) refers to stm32f1xx_hal_flash.o(i.FLASH_SetErrorCode) for FLASH_SetErrorCode
    stm32f1xx_hal_flash.o(i.HAL_FLASH_IRQHandler) refers to stm32f1xx_hal_flash.o(i.HAL_FLASH_OperationErrorCallback) for HAL_FLASH_OperationErrorCallback
    stm32f1xx_hal_flash.o(i.HAL_FLASH_IRQHandler) refers to stm32f1xx_hal_flash.o(i.FLASH_Program_HalfWord) for FLASH_Program_HalfWord
    stm32f1xx_hal_flash.o(i.HAL_FLASH_IRQHandler) refers to stm32f1xx_hal_flash.o(i.HAL_FLASH_EndOfOperationCallback) for HAL_FLASH_EndOfOperationCallback
    stm32f1xx_hal_flash.o(i.HAL_FLASH_IRQHandler) refers to stm32f1xx_hal_flash_ex.o(i.FLASH_PageErase) for FLASH_PageErase
    stm32f1xx_hal_flash.o(i.HAL_FLASH_IRQHandler) refers to stm32f1xx_hal_flash.o(.bss) for .bss
    stm32f1xx_hal_flash.o(i.HAL_FLASH_OB_Launch) refers to stm32f1xx_hal_cortex.o(i.HAL_NVIC_SystemReset) for HAL_NVIC_SystemReset
    stm32f1xx_hal_flash.o(i.HAL_FLASH_Program) refers to stm32f1xx_hal_flash.o(i.FLASH_WaitForLastOperation) for FLASH_WaitForLastOperation
    stm32f1xx_hal_flash.o(i.HAL_FLASH_Program) refers to llushr.o(.text) for __aeabi_llsr
    stm32f1xx_hal_flash.o(i.HAL_FLASH_Program) refers to stm32f1xx_hal_flash.o(i.FLASH_Program_HalfWord) for FLASH_Program_HalfWord
    stm32f1xx_hal_flash.o(i.HAL_FLASH_Program) refers to stm32f1xx_hal_flash.o(.bss) for .bss
    stm32f1xx_hal_flash.o(i.HAL_FLASH_Program_IT) refers to stm32f1xx_hal_flash.o(i.FLASH_Program_HalfWord) for FLASH_Program_HalfWord
    stm32f1xx_hal_flash.o(i.HAL_FLASH_Program_IT) refers to stm32f1xx_hal_flash.o(.bss) for .bss
    stm32f1xx_hal_flash_ex.o(i.FLASH_MassErase) refers to stm32f1xx_hal_flash.o(.bss) for pFlash
    stm32f1xx_hal_flash_ex.o(i.FLASH_OB_DisableWRP) refers to stm32f1xx_hal_flash.o(i.FLASH_WaitForLastOperation) for FLASH_WaitForLastOperation
    stm32f1xx_hal_flash_ex.o(i.FLASH_OB_DisableWRP) refers to stm32f1xx_hal_flash_ex.o(i.HAL_FLASHEx_OBErase) for HAL_FLASHEx_OBErase
    stm32f1xx_hal_flash_ex.o(i.FLASH_OB_DisableWRP) refers to stm32f1xx_hal_flash.o(.bss) for pFlash
    stm32f1xx_hal_flash_ex.o(i.FLASH_OB_EnableWRP) refers to stm32f1xx_hal_flash.o(i.FLASH_WaitForLastOperation) for FLASH_WaitForLastOperation
    stm32f1xx_hal_flash_ex.o(i.FLASH_OB_EnableWRP) refers to stm32f1xx_hal_flash_ex.o(i.HAL_FLASHEx_OBErase) for HAL_FLASHEx_OBErase
    stm32f1xx_hal_flash_ex.o(i.FLASH_OB_EnableWRP) refers to stm32f1xx_hal_flash.o(.bss) for pFlash
    stm32f1xx_hal_flash_ex.o(i.FLASH_OB_RDP_LevelConfig) refers to stm32f1xx_hal_flash.o(i.FLASH_WaitForLastOperation) for FLASH_WaitForLastOperation
    stm32f1xx_hal_flash_ex.o(i.FLASH_OB_RDP_LevelConfig) refers to stm32f1xx_hal_flash.o(.bss) for pFlash
    stm32f1xx_hal_flash_ex.o(i.FLASH_PageErase) refers to stm32f1xx_hal_flash.o(.bss) for pFlash
    stm32f1xx_hal_flash_ex.o(i.HAL_FLASHEx_Erase) refers to stm32f1xx_hal_flash.o(i.FLASH_WaitForLastOperation) for FLASH_WaitForLastOperation
    stm32f1xx_hal_flash_ex.o(i.HAL_FLASHEx_Erase) refers to stm32f1xx_hal_flash_ex.o(i.FLASH_MassErase) for FLASH_MassErase
    stm32f1xx_hal_flash_ex.o(i.HAL_FLASHEx_Erase) refers to stm32f1xx_hal_flash_ex.o(i.FLASH_PageErase) for FLASH_PageErase
    stm32f1xx_hal_flash_ex.o(i.HAL_FLASHEx_Erase) refers to stm32f1xx_hal_flash.o(.bss) for pFlash
    stm32f1xx_hal_flash_ex.o(i.HAL_FLASHEx_Erase_IT) refers to stm32f1xx_hal_flash_ex.o(i.FLASH_PageErase) for FLASH_PageErase
    stm32f1xx_hal_flash_ex.o(i.HAL_FLASHEx_Erase_IT) refers to stm32f1xx_hal_flash_ex.o(i.FLASH_MassErase) for FLASH_MassErase
    stm32f1xx_hal_flash_ex.o(i.HAL_FLASHEx_Erase_IT) refers to stm32f1xx_hal_flash.o(.bss) for pFlash
    stm32f1xx_hal_flash_ex.o(i.HAL_FLASHEx_OBErase) refers to stm32f1xx_hal_flash_ex.o(i.FLASH_OB_GetRDP) for FLASH_OB_GetRDP
    stm32f1xx_hal_flash_ex.o(i.HAL_FLASHEx_OBErase) refers to stm32f1xx_hal_flash.o(i.FLASH_WaitForLastOperation) for FLASH_WaitForLastOperation
    stm32f1xx_hal_flash_ex.o(i.HAL_FLASHEx_OBErase) refers to stm32f1xx_hal_flash_ex.o(i.FLASH_OB_RDP_LevelConfig) for FLASH_OB_RDP_LevelConfig
    stm32f1xx_hal_flash_ex.o(i.HAL_FLASHEx_OBErase) refers to stm32f1xx_hal_flash.o(.bss) for pFlash
    stm32f1xx_hal_flash_ex.o(i.HAL_FLASHEx_OBGetConfig) refers to stm32f1xx_hal_flash_ex.o(i.FLASH_OB_GetRDP) for FLASH_OB_GetRDP
    stm32f1xx_hal_flash_ex.o(i.HAL_FLASHEx_OBProgram) refers to stm32f1xx_hal_flash_ex.o(i.FLASH_OB_DisableWRP) for FLASH_OB_DisableWRP
    stm32f1xx_hal_flash_ex.o(i.HAL_FLASHEx_OBProgram) refers to stm32f1xx_hal_flash_ex.o(i.FLASH_OB_EnableWRP) for FLASH_OB_EnableWRP
    stm32f1xx_hal_flash_ex.o(i.HAL_FLASHEx_OBProgram) refers to stm32f1xx_hal_flash_ex.o(i.FLASH_OB_RDP_LevelConfig) for FLASH_OB_RDP_LevelConfig
    stm32f1xx_hal_flash_ex.o(i.HAL_FLASHEx_OBProgram) refers to stm32f1xx_hal_flash.o(i.FLASH_WaitForLastOperation) for FLASH_WaitForLastOperation
    stm32f1xx_hal_flash_ex.o(i.HAL_FLASHEx_OBProgram) refers to stm32f1xx_hal_flash.o(.bss) for pFlash
    system_stm32f1xx.o(i.SystemCoreClockUpdate) refers to system_stm32f1xx.o(.data) for .data
    system_stm32f1xx.o(i.SystemCoreClockUpdate) refers to system_stm32f1xx.o(.constdata) for .constdata
    entry.o(.ARM.Collect$$$$00000000) refers (Special) to entry10a.o(.ARM.Collect$$$$0000000D) for __rt_final_cpp
    entry.o(.ARM.Collect$$$$00000000) refers (Special) to entry11a.o(.ARM.Collect$$$$0000000F) for __rt_final_exit
    entry.o(.ARM.Collect$$$$00000000) refers (Special) to entry7b.o(.ARM.Collect$$$$00000008) for _main_clock
    entry.o(.ARM.Collect$$$$00000000) refers (Special) to entry8b.o(.ARM.Collect$$$$0000000A) for _main_cpp_init
    entry.o(.ARM.Collect$$$$00000000) refers (Special) to entry9a.o(.ARM.Collect$$$$0000000B) for _main_init
    entry.o(.ARM.Collect$$$$00000000) refers (Special) to entry5.o(.ARM.Collect$$$$00000004) for _main_scatterload
    entry.o(.ARM.Collect$$$$00000000) refers (Special) to entry2.o(.ARM.Collect$$$$00000001) for _main_stk
    entry2.o(.ARM.Collect$$$$00000001) refers to entry2.o(.ARM.Collect$$$$00002712) for __lit__00000000
    entry2.o(.ARM.Collect$$$$00002712) refers to startup_stm32f103xb.o(STACK) for __initial_sp
    entry2.o(__vectab_stack_and_reset_area) refers to startup_stm32f103xb.o(STACK) for __initial_sp
    entry2.o(__vectab_stack_and_reset_area) refers to entry.o(.ARM.Collect$$$$00000000) for __main
    entry5.o(.ARM.Collect$$$$00000004) refers to init.o(.text) for __scatterload
    entry9a.o(.ARM.Collect$$$$0000000B) refers to main.o(i.main) for main
    entry9b.o(.ARM.Collect$$$$0000000C) refers to main.o(i.main) for main
    init.o(.text) refers to entry5.o(.ARM.Collect$$$$00000004) for __main_after_scatterload


==============================================================================

Removing Unused input sections from the image.

    Removing startup_stm32f103xb.o(HEAP), (512 bytes).
    Removing main.o(.rev16_text), (4 bytes).
    Removing main.o(.revsh_text), (4 bytes).
    Removing main.o(.rrx_text), (6 bytes).
    Removing main.o(i._Error_Handler), (2 bytes).
    Removing stm32f1xx_it.o(.rev16_text), (4 bytes).
    Removing stm32f1xx_it.o(.revsh_text), (4 bytes).
    Removing stm32f1xx_it.o(.rrx_text), (6 bytes).
    Removing stm32f1xx_hal_msp.o(.rev16_text), (4 bytes).
    Removing stm32f1xx_hal_msp.o(.revsh_text), (4 bytes).
    Removing stm32f1xx_hal_msp.o(.rrx_text), (6 bytes).
    Removing stm32f1xx_hal_msp.o(i.HAL_UART_MspDeInit), (56 bytes).
    Removing stm32f1xx_hal_gpio_ex.o(.rev16_text), (4 bytes).
    Removing stm32f1xx_hal_gpio_ex.o(.revsh_text), (4 bytes).
    Removing stm32f1xx_hal_gpio_ex.o(.rrx_text), (6 bytes).
    Removing stm32f1xx_hal_gpio_ex.o(i.HAL_GPIOEx_ConfigEventout), (20 bytes).
    Removing stm32f1xx_hal_gpio_ex.o(i.HAL_GPIOEx_DisableEventout), (16 bytes).
    Removing stm32f1xx_hal_gpio_ex.o(i.HAL_GPIOEx_EnableEventout), (16 bytes).
    Removing stm32f1xx_hal_tim.o(.rev16_text), (4 bytes).
    Removing stm32f1xx_hal_tim.o(.revsh_text), (4 bytes).
    Removing stm32f1xx_hal_tim.o(.rrx_text), (6 bytes).
    Removing stm32f1xx_hal_tim_ex.o(.rev16_text), (4 bytes).
    Removing stm32f1xx_hal_tim_ex.o(.revsh_text), (4 bytes).
    Removing stm32f1xx_hal_tim_ex.o(.rrx_text), (6 bytes).
    Removing stm32f1xx_hal_uart.o(.rev16_text), (4 bytes).
    Removing stm32f1xx_hal_uart.o(.revsh_text), (4 bytes).
    Removing stm32f1xx_hal_uart.o(.rrx_text), (6 bytes).
    Removing stm32f1xx_hal_uart.o(i.HAL_HalfDuplex_EnableReceiver), (50 bytes).
    Removing stm32f1xx_hal_uart.o(i.HAL_HalfDuplex_EnableTransmitter), (50 bytes).
    Removing stm32f1xx_hal_uart.o(i.HAL_HalfDuplex_Init), (108 bytes).
    Removing stm32f1xx_hal_uart.o(i.HAL_LIN_Init), (122 bytes).
    Removing stm32f1xx_hal_uart.o(i.HAL_LIN_SendBreak), (46 bytes).
    Removing stm32f1xx_hal_uart.o(i.HAL_MultiProcessor_EnterMuteMode), (46 bytes).
    Removing stm32f1xx_hal_uart.o(i.HAL_MultiProcessor_ExitMuteMode), (46 bytes).
    Removing stm32f1xx_hal_uart.o(i.HAL_MultiProcessor_Init), (130 bytes).
    Removing stm32f1xx_hal_uart.o(i.HAL_UART_Abort), (104 bytes).
    Removing stm32f1xx_hal_uart.o(i.HAL_UART_AbortCpltCallback), (2 bytes).
    Removing stm32f1xx_hal_uart.o(i.HAL_UART_AbortReceive), (68 bytes).
    Removing stm32f1xx_hal_uart.o(i.HAL_UART_AbortReceiveCpltCallback), (2 bytes).
    Removing stm32f1xx_hal_uart.o(i.HAL_UART_AbortReceive_IT), (92 bytes).
    Removing stm32f1xx_hal_uart.o(i.HAL_UART_AbortTransmit), (58 bytes).
    Removing stm32f1xx_hal_uart.o(i.HAL_UART_AbortTransmitCpltCallback), (2 bytes).
    Removing stm32f1xx_hal_uart.o(i.HAL_UART_AbortTransmit_IT), (84 bytes).
    Removing stm32f1xx_hal_uart.o(i.HAL_UART_Abort_IT), (172 bytes).
    Removing stm32f1xx_hal_uart.o(i.HAL_UART_DMAPause), (102 bytes).
    Removing stm32f1xx_hal_uart.o(i.HAL_UART_DMAResume), (94 bytes).
    Removing stm32f1xx_hal_uart.o(i.HAL_UART_DMAStop), (88 bytes).
    Removing stm32f1xx_hal_uart.o(i.HAL_UART_DeInit), (40 bytes).
    Removing stm32f1xx_hal_uart.o(i.HAL_UART_GetError), (4 bytes).
    Removing stm32f1xx_hal_uart.o(i.HAL_UART_GetState), (10 bytes).
    Removing stm32f1xx_hal_uart.o(i.HAL_UART_MspDeInit), (2 bytes).
    Removing stm32f1xx_hal_uart.o(i.HAL_UART_MspInit), (2 bytes).
    Removing stm32f1xx_hal_uart.o(i.HAL_UART_Receive), (184 bytes).
    Removing stm32f1xx_hal_uart.o(i.HAL_UART_Receive_DMA), (152 bytes).
    Removing stm32f1xx_hal_uart.o(i.HAL_UART_Receive_IT), (82 bytes).
    Removing stm32f1xx_hal_uart.o(i.HAL_UART_RxHalfCpltCallback), (2 bytes).
    Removing stm32f1xx_hal_uart.o(i.HAL_UART_Transmit), (186 bytes).
    Removing stm32f1xx_hal_uart.o(i.HAL_UART_Transmit_DMA), (128 bytes).
    Removing stm32f1xx_hal_uart.o(i.HAL_UART_Transmit_IT), (62 bytes).
    Removing stm32f1xx_hal_uart.o(i.HAL_UART_TxHalfCpltCallback), (2 bytes).
    Removing stm32f1xx_hal_uart.o(i.UART_DMAError), (74 bytes).
    Removing stm32f1xx_hal_uart.o(i.UART_DMAReceiveCplt), (60 bytes).
    Removing stm32f1xx_hal_uart.o(i.UART_DMARxAbortCallback), (42 bytes).
    Removing stm32f1xx_hal_uart.o(i.UART_DMARxHalfCplt), (10 bytes).
    Removing stm32f1xx_hal_uart.o(i.UART_DMARxOnlyAbortCallback), (20 bytes).
    Removing stm32f1xx_hal_uart.o(i.UART_DMATransmitCplt), (46 bytes).
    Removing stm32f1xx_hal_uart.o(i.UART_DMATxAbortCallback), (42 bytes).
    Removing stm32f1xx_hal_uart.o(i.UART_DMATxHalfCplt), (10 bytes).
    Removing stm32f1xx_hal_uart.o(i.UART_DMATxOnlyAbortCallback), (20 bytes).
    Removing stm32f1xx_hal_uart.o(i.UART_EndTxTransfer), (18 bytes).
    Removing stm32f1xx_hal_uart.o(i.UART_WaitOnFlagUntilTimeout), (100 bytes).
    Removing stm32f1xx_hal.o(.rev16_text), (4 bytes).
    Removing stm32f1xx_hal.o(.revsh_text), (4 bytes).
    Removing stm32f1xx_hal.o(.rrx_text), (6 bytes).
    Removing stm32f1xx_hal.o(i.HAL_DBGMCU_DisableDBGSleepMode), (16 bytes).
    Removing stm32f1xx_hal.o(i.HAL_DBGMCU_DisableDBGStandbyMode), (16 bytes).
    Removing stm32f1xx_hal.o(i.HAL_DBGMCU_DisableDBGStopMode), (16 bytes).
    Removing stm32f1xx_hal.o(i.HAL_DBGMCU_EnableDBGSleepMode), (16 bytes).
    Removing stm32f1xx_hal.o(i.HAL_DBGMCU_EnableDBGStandbyMode), (16 bytes).
    Removing stm32f1xx_hal.o(i.HAL_DBGMCU_EnableDBGStopMode), (16 bytes).
    Removing stm32f1xx_hal.o(i.HAL_DeInit), (32 bytes).
    Removing stm32f1xx_hal.o(i.HAL_Delay), (36 bytes).
    Removing stm32f1xx_hal.o(i.HAL_GetDEVID), (16 bytes).
    Removing stm32f1xx_hal.o(i.HAL_GetHalVersion), (8 bytes).
    Removing stm32f1xx_hal.o(i.HAL_GetREVID), (12 bytes).
    Removing stm32f1xx_hal.o(i.HAL_GetTickFreq), (12 bytes).
    Removing stm32f1xx_hal.o(i.HAL_GetTickPrio), (12 bytes).
    Removing stm32f1xx_hal.o(i.HAL_GetUID), (28 bytes).
    Removing stm32f1xx_hal.o(i.HAL_MspDeInit), (2 bytes).
    Removing stm32f1xx_hal.o(i.HAL_MspInit), (2 bytes).
    Removing stm32f1xx_hal.o(i.HAL_ResumeTick), (14 bytes).
    Removing stm32f1xx_hal.o(i.HAL_SetTickFreq), (28 bytes).
    Removing stm32f1xx_hal.o(i.HAL_SuspendTick), (14 bytes).
    Removing stm32f1xx_hal_rcc.o(.rev16_text), (4 bytes).
    Removing stm32f1xx_hal_rcc.o(.revsh_text), (4 bytes).
    Removing stm32f1xx_hal_rcc.o(.rrx_text), (6 bytes).
    Removing stm32f1xx_hal_rcc.o(i.HAL_RCC_CSSCallback), (2 bytes).
    Removing stm32f1xx_hal_rcc.o(i.HAL_RCC_DeInit), (216 bytes).
    Removing stm32f1xx_hal_rcc.o(i.HAL_RCC_DisableCSS), (12 bytes).
    Removing stm32f1xx_hal_rcc.o(i.HAL_RCC_EnableCSS), (12 bytes).
    Removing stm32f1xx_hal_rcc.o(i.HAL_RCC_GetClockConfig), (64 bytes).
    Removing stm32f1xx_hal_rcc.o(i.HAL_RCC_GetOscConfig), (144 bytes).
    Removing stm32f1xx_hal_rcc.o(i.HAL_RCC_MCOConfig), (72 bytes).
    Removing stm32f1xx_hal_rcc.o(i.HAL_RCC_NMI_IRQHandler), (24 bytes).
    Removing stm32f1xx_hal_rcc_ex.o(.rev16_text), (4 bytes).
    Removing stm32f1xx_hal_rcc_ex.o(.revsh_text), (4 bytes).
    Removing stm32f1xx_hal_rcc_ex.o(.rrx_text), (6 bytes).
    Removing stm32f1xx_hal_rcc_ex.o(i.HAL_RCCEx_GetPeriphCLKConfig), (44 bytes).
    Removing stm32f1xx_hal_rcc_ex.o(i.HAL_RCCEx_GetPeriphCLKFreq), (200 bytes).
    Removing stm32f1xx_hal_rcc_ex.o(i.HAL_RCCEx_PeriphCLKConfig), (236 bytes).
    Removing stm32f1xx_hal_gpio.o(.rev16_text), (4 bytes).
    Removing stm32f1xx_hal_gpio.o(.revsh_text), (4 bytes).
    Removing stm32f1xx_hal_gpio.o(.rrx_text), (6 bytes).
    Removing stm32f1xx_hal_gpio.o(i.HAL_GPIO_DeInit), (228 bytes).
    Removing stm32f1xx_hal_gpio.o(i.HAL_GPIO_EXTI_Callback), (2 bytes).
    Removing stm32f1xx_hal_gpio.o(i.HAL_GPIO_EXTI_IRQHandler), (24 bytes).
    Removing stm32f1xx_hal_gpio.o(i.HAL_GPIO_LockPin), (34 bytes).
    Removing stm32f1xx_hal_gpio.o(i.HAL_GPIO_ReadPin), (10 bytes).
    Removing stm32f1xx_hal_gpio.o(i.HAL_GPIO_TogglePin), (8 bytes).
    Removing stm32f1xx_hal_dma.o(.rev16_text), (4 bytes).
    Removing stm32f1xx_hal_dma.o(.revsh_text), (4 bytes).
    Removing stm32f1xx_hal_dma.o(.rrx_text), (6 bytes).
    Removing stm32f1xx_hal_dma.o(i.DMA_SetConfig), (42 bytes).
    Removing stm32f1xx_hal_dma.o(i.HAL_DMA_Abort), (48 bytes).
    Removing stm32f1xx_hal_dma.o(i.HAL_DMA_DeInit), (84 bytes).
    Removing stm32f1xx_hal_dma.o(i.HAL_DMA_GetError), (4 bytes).
    Removing stm32f1xx_hal_dma.o(i.HAL_DMA_GetState), (6 bytes).
    Removing stm32f1xx_hal_dma.o(i.HAL_DMA_IRQHandler), (340 bytes).
    Removing stm32f1xx_hal_dma.o(i.HAL_DMA_Init), (100 bytes).
    Removing stm32f1xx_hal_dma.o(i.HAL_DMA_PollForTransfer), (532 bytes).
    Removing stm32f1xx_hal_dma.o(i.HAL_DMA_RegisterCallback), (74 bytes).
    Removing stm32f1xx_hal_dma.o(i.HAL_DMA_Start), (80 bytes).
    Removing stm32f1xx_hal_dma.o(i.HAL_DMA_Start_IT), (112 bytes).
    Removing stm32f1xx_hal_dma.o(i.HAL_DMA_UnRegisterCallback), (82 bytes).
    Removing stm32f1xx_hal_cortex.o(.rev16_text), (4 bytes).
    Removing stm32f1xx_hal_cortex.o(.revsh_text), (4 bytes).
    Removing stm32f1xx_hal_cortex.o(.rrx_text), (6 bytes).
    Removing stm32f1xx_hal_cortex.o(i.HAL_NVIC_ClearPendingIRQ), (22 bytes).
    Removing stm32f1xx_hal_cortex.o(i.HAL_NVIC_DisableIRQ), (22 bytes).
    Removing stm32f1xx_hal_cortex.o(i.HAL_NVIC_GetActive), (32 bytes).
    Removing stm32f1xx_hal_cortex.o(i.HAL_NVIC_GetPendingIRQ), (32 bytes).
    Removing stm32f1xx_hal_cortex.o(i.HAL_NVIC_GetPriority), (82 bytes).
    Removing stm32f1xx_hal_cortex.o(i.HAL_NVIC_GetPriorityGrouping), (16 bytes).
    Removing stm32f1xx_hal_cortex.o(i.HAL_NVIC_SetPendingIRQ), (22 bytes).
    Removing stm32f1xx_hal_cortex.o(i.HAL_NVIC_SystemReset), (36 bytes).
    Removing stm32f1xx_hal_pwr.o(.rev16_text), (4 bytes).
    Removing stm32f1xx_hal_pwr.o(.revsh_text), (4 bytes).
    Removing stm32f1xx_hal_pwr.o(.rrx_text), (6 bytes).
    Removing stm32f1xx_hal_pwr.o(i.HAL_PWR_ConfigPVD), (124 bytes).
    Removing stm32f1xx_hal_pwr.o(i.HAL_PWR_DeInit), (24 bytes).
    Removing stm32f1xx_hal_pwr.o(i.HAL_PWR_DisableBkUpAccess), (12 bytes).
    Removing stm32f1xx_hal_pwr.o(i.HAL_PWR_DisablePVD), (12 bytes).
    Removing stm32f1xx_hal_pwr.o(i.HAL_PWR_DisableSEVOnPend), (16 bytes).
    Removing stm32f1xx_hal_pwr.o(i.HAL_PWR_DisableSleepOnExit), (16 bytes).
    Removing stm32f1xx_hal_pwr.o(i.HAL_PWR_DisableWakeUpPin), (28 bytes).
    Removing stm32f1xx_hal_pwr.o(i.HAL_PWR_EnableBkUpAccess), (12 bytes).
    Removing stm32f1xx_hal_pwr.o(i.HAL_PWR_EnablePVD), (12 bytes).
    Removing stm32f1xx_hal_pwr.o(i.HAL_PWR_EnableSEVOnPend), (16 bytes).
    Removing stm32f1xx_hal_pwr.o(i.HAL_PWR_EnableSleepOnExit), (16 bytes).
    Removing stm32f1xx_hal_pwr.o(i.HAL_PWR_EnableWakeUpPin), (28 bytes).
    Removing stm32f1xx_hal_pwr.o(i.HAL_PWR_EnterSLEEPMode), (32 bytes).
    Removing stm32f1xx_hal_pwr.o(i.HAL_PWR_EnterSTANDBYMode), (32 bytes).
    Removing stm32f1xx_hal_pwr.o(i.HAL_PWR_EnterSTOPMode), (68 bytes).
    Removing stm32f1xx_hal_pwr.o(i.HAL_PWR_PVDCallback), (2 bytes).
    Removing stm32f1xx_hal_pwr.o(i.HAL_PWR_PVD_IRQHandler), (28 bytes).
    Removing stm32f1xx_hal_pwr.o(i.PWR_OverloadWfe), (6 bytes).
    Removing stm32f1xx_hal_flash.o(.rev16_text), (4 bytes).
    Removing stm32f1xx_hal_flash.o(.revsh_text), (4 bytes).
    Removing stm32f1xx_hal_flash.o(.rrx_text), (6 bytes).
    Removing stm32f1xx_hal_flash.o(i.FLASH_Program_HalfWord), (28 bytes).
    Removing stm32f1xx_hal_flash.o(i.FLASH_SetErrorCode), (92 bytes).
    Removing stm32f1xx_hal_flash.o(i.FLASH_WaitForLastOperation), (84 bytes).
    Removing stm32f1xx_hal_flash.o(i.HAL_FLASH_EndOfOperationCallback), (2 bytes).
    Removing stm32f1xx_hal_flash.o(i.HAL_FLASH_GetError), (12 bytes).
    Removing stm32f1xx_hal_flash.o(i.HAL_FLASH_IRQHandler), (264 bytes).
    Removing stm32f1xx_hal_flash.o(i.HAL_FLASH_Lock), (20 bytes).
    Removing stm32f1xx_hal_flash.o(i.HAL_FLASH_OB_Launch), (4 bytes).
    Removing stm32f1xx_hal_flash.o(i.HAL_FLASH_OB_Lock), (20 bytes).
    Removing stm32f1xx_hal_flash.o(i.HAL_FLASH_OB_Unlock), (36 bytes).
    Removing stm32f1xx_hal_flash.o(i.HAL_FLASH_OperationErrorCallback), (2 bytes).
    Removing stm32f1xx_hal_flash.o(i.HAL_FLASH_Program), (128 bytes).
    Removing stm32f1xx_hal_flash.o(i.HAL_FLASH_Program_IT), (100 bytes).
    Removing stm32f1xx_hal_flash.o(i.HAL_FLASH_Unlock), (40 bytes).
    Removing stm32f1xx_hal_flash.o(.bss), (32 bytes).
    Removing stm32f1xx_hal_flash_ex.o(.rev16_text), (4 bytes).
    Removing stm32f1xx_hal_flash_ex.o(.revsh_text), (4 bytes).
    Removing stm32f1xx_hal_flash_ex.o(.rrx_text), (6 bytes).
    Removing stm32f1xx_hal_flash_ex.o(i.FLASH_MassErase), (36 bytes).
    Removing stm32f1xx_hal_flash_ex.o(i.FLASH_OB_DisableWRP), (176 bytes).
    Removing stm32f1xx_hal_flash_ex.o(i.FLASH_OB_EnableWRP), (176 bytes).
    Removing stm32f1xx_hal_flash_ex.o(i.FLASH_OB_GetRDP), (24 bytes).
    Removing stm32f1xx_hal_flash_ex.o(i.FLASH_OB_RDP_LevelConfig), (100 bytes).
    Removing stm32f1xx_hal_flash_ex.o(i.FLASH_PageErase), (36 bytes).
    Removing stm32f1xx_hal_flash_ex.o(i.HAL_FLASHEx_Erase), (168 bytes).
    Removing stm32f1xx_hal_flash_ex.o(i.HAL_FLASHEx_Erase_IT), (84 bytes).
    Removing stm32f1xx_hal_flash_ex.o(i.HAL_FLASHEx_OBErase), (84 bytes).
    Removing stm32f1xx_hal_flash_ex.o(i.HAL_FLASHEx_OBGetConfig), (36 bytes).
    Removing stm32f1xx_hal_flash_ex.o(i.HAL_FLASHEx_OBGetUserData), (32 bytes).
    Removing stm32f1xx_hal_flash_ex.o(i.HAL_FLASHEx_OBProgram), (200 bytes).
    Removing system_stm32f1xx.o(.rev16_text), (4 bytes).
    Removing system_stm32f1xx.o(.revsh_text), (4 bytes).
    Removing system_stm32f1xx.o(.rrx_text), (6 bytes).
    Removing system_stm32f1xx.o(i.SystemCoreClockUpdate), (104 bytes).

203 unused section(s) (total 9640 bytes) removed from the image.
